
> imantrack@0.1.0 build
> next build

  тЦ▓ Next.js 14.2.5
  - Environments: .env.local
  - Experiments (use with caution):
    ┬╖ typedRoutes

   Creating an optimized production build ...
> [PWA] Compile server
> [PWA] Compile server
> [PWA] Compile client (static)
> [PWA] Auto register service worker with: C:\Users\ZamanStore\Desktop\ImanTrecker\node_modules\next-pwa\register.js
> [PWA] Service worker: C:\Users\ZamanStore\Desktop\ImanTrecker\public\sw.js
> [PWA]   url: /sw.js
> [PWA]   scope: /
 тЬУ Compiled successfully
   Linting and checking validity of types ...
node.exe : Failed to compile.
строка:1 знак:1
+ & "C:\Program Files\nodejs/
node.exe" "C:\Program Files\n
odejs/node_mo ...
+ ~~~~~~~~~~~~~~~~~~~~~~~~~~~
~~~~~~~~~~~~~~~~~~~~~~~~~~~~~
~~~~~~~~~~~~~
    + CategoryInfo           
   : NotSpecified: (Failed   
  to compile.:String) [],    
 RemoteException
    + FullyQualifiedErrorId  
   : NativeCommandError
 

./src/features/adhkar/compone
nts/CategoryCard.tsx:68:9
Type error: 'colors' is possi
bly 'undefined'.

[0m [90m 66 |[39m         
[32m"group relative block ov
erflow-hidden rounded-2xl bor
der bg-gradient-to-br p-5 tra
nsition-all duration-300 hove
r:shadow-card active:scale-[0
.98]"[39m[33m,[39m[0m
[0m [90m 67 |[39m         
[32m"animate-fade-in-up"[39
m[33m,[39m[0m
[0m[31m[1m>[22m[39m[90m
 68 |[39m         colors[33
m.[39mbg[33m,[39m[0m
[0m [90m    |[39m         
[31m[1m^[22m[39m[0m
[0m [90m 69 |[39m         
colors[33m.[39mborder[33m,
[39m[0m
[0m [90m 70 |[39m         
isAllDone [33m&&[39m [32m"
ring-2 ring-primary-400/30"[
39m[33m,[39m[0m
[0m [90m 71 |[39m       )}
[0m
