
> imantrack@0.1.0 type-check
> tsc --noEmit

src/features/adhkar/components/DhikrCategoryView.tsx(144,9): error TS2322: Type 'DhikrProgress | null | undefined' is not assignable to type 'DhikrProgress | null'.
  Type 'undefined' is not assignable to type 'DhikrProgress | null'.
src/features/adhkar/components/DhikrCounter.tsx(132,13): error TS7030: Not all code paths return a value.
src/features/adhkar/data/adhkar.data.ts(348,3): error TS2322: Type 'MotivationMessage | undefined' is not assignable to type 'MotivationMessage'.
  Type 'undefined' is not assignable to type 'MotivationMessage'.
src/features/adhkar/services/adhkar.persistence.ts(98,51): error TS2769: No overload matches this call.
  Overload 1 of 2, '(values: never, options?: { onConflict?: string | undefined; ignoreDuplicates?: boolean | undefined; count?: "exact" | "planned" | "estimated" | undefined; } | undefined): PostgrestFilterBuilder<{ ...; }, ... 5 more ..., "POST">', gave the following error.
    Argument of type '{ user_id: string; dhikr_id: string; current_count: number; target_count: number; is_completed: boolean; completed_at: string | null; date: string | undefined; }[]' is not assignable to parameter of type 'never'.
  Overload 2 of 2, '(values: never[], options?: { onConflict?: string | undefined; ignoreDuplicates?: boolean | undefined; count?: "exact" | "planned" | "estimated" | undefined; defaultToNull?: boolean | undefined; } | undefined): PostgrestFilterBuilder<...>', gave the following error.
    Argument of type '{ user_id: string; dhikr_id: string; current_count: number; target_count: number; is_completed: boolean; completed_at: string | null; date: string | undefined; }[]' is not assignable to parameter of type 'never[]'.
      Type '{ user_id: string; dhikr_id: string; current_count: number; target_count: number; is_completed: boolean; completed_at: string | null; date: string | undefined; }' is not assignable to type 'never'.
src/features/adhkar/services/adhkar.persistence.ts(130,19): error TS2345: Argument of type 'string | undefined' is not assignable to parameter of type '{}'.
  Type 'undefined' is not assignable to type '{}'.
src/features/adhkar/services/adhkar.persistence.ts(136,26): error TS2339: Property 'dhikr_id' does not exist on type 'never'.
src/features/adhkar/services/adhkar.persistence.ts(137,22): error TS2339: Property 'dhikr_id' does not exist on type 'never'.
src/features/adhkar/services/adhkar.persistence.ts(138,27): error TS2339: Property 'current_count' does not exist on type 'never'.
src/features/adhkar/services/adhkar.persistence.ts(139,26): error TS2339: Property 'target_count' does not exist on type 'never'.
src/features/adhkar/services/adhkar.persistence.ts(140,26): error TS2339: Property 'is_completed' does not exist on type 'never'.
src/features/adhkar/services/adhkar.persistence.ts(141,26): error TS2339: Property 'completed_at' does not exist on type 'never'.
src/features/adhkar/services/adhkar.persistence.ts(141,54): error TS2339: Property 'completed_at' does not exist on type 'never'.
src/features/hadith/services/hadith.service.ts(30,3): error TS2322: Type 'Hadith | undefined' is not assignable to type 'Hadith'.
  Type 'undefined' is not assignable to type 'Hadith'.
src/features/hadith/services/hadith.service.ts(42,3): error TS2322: Type 'Hadith | undefined' is not assignable to type 'Hadith'.
  Type 'undefined' is not assignable to type 'Hadith'.
src/features/hadith/services/hadith.service.ts(109,54): error TS2769: No overload matches this call.
  Overload 1 of 2, '(values: never, options?: { count?: "exact" | "planned" | "estimated" | undefined; } | undefined): PostgrestFilterBuilder<{ PostgrestVersion: "12"; }, never, never, null, "hadith_favorites", never, "POST">', gave the following error.
    Argument of type '{ user_id: string; hadith_id: string; }[]' is not assignable to parameter of type 'never'.
  Overload 2 of 2, '(values: never[], options?: { count?: "exact" | "planned" | "estimated" | undefined; defaultToNull?: boolean | undefined; } | undefined): PostgrestFilterBuilder<{ PostgrestVersion: "12"; }, never, never, null, "hadith_favorites", never, "POST">', gave the following error.
    Argument of type '{ user_id: string; hadith_id: string; }[]' is not assignable to parameter of type 'never[]'.
      Type '{ user_id: string; hadith_id: string; }' is not assignable to type 'never'.
src/features/hadith/services/hadith.service.ts(131,34): error TS2339: Property 'hadith_id' does not exist on type 'never'.
src/features/tracker/components/ActivityChart.tsx(71,30): error TS2532: Object is possibly 'undefined'.
